<html>
<body>
<pre>
<h1>µVision Build Log</h1>
<h2>Tool Versions:</h2>
IDE-Version: ¦ÌVision V5.14.0.0
Copyright (C) 2015 ARM Ltd and ARM Germany GmbH. All rights reserved.
License Information: Jayce Jayce, GUET, LIC=8VR63-ARBI9-V1UP8-3YVWR-0ZQPR-WDWXV
 
Tool Versions:
Toolchain:       MDK-ARM Standard  Version: 5.14.0.0
Toolchain Path:  E:\Keil_v5\ARM\ARMCC\Bin
C Compiler:      Armcc.exe V5.05 update 1 (build 106)
Assembler:       Armasm.exe V5.05 update 1 (build 106)
Linker/Locator:  ArmLink.exe V5.05 update 1 (build 106)
Library Manager: ArmAr.exe V5.05 update 1 (build 106)
Hex Converter:   FromElf.exe V5.05 update 1 (build 106)
CPU DLL:         SARMCM3.DLL V5.14.0.0
Dialog DLL:      DCM.DLL V1.13.1.0
Target DLL:      Segger\JL2CM3.dll V2.99.13.0
Dialog DLL:      TCM.DLL V1.14.4.0
 
<h2>Project:</h2>
E:\GitHub\wireless-human-computer-interaction-system\Client\USER\Template.uvprojx
Project File Date:  04/23/2018

<h2>Output:</h2>
Build target 'Target 1'
compiling FramewinDLG.c...
FramewinDLG.c(215): warning:  #940-D: missing return statement at end of non-void function "Get_widget_value"
  }
FramewinDLG.c(430): warning:  #177-D: variable "hItem" was declared but never referenced
        WM_HWIN  hItem,hWin = pMsg->hWin;
FramewinDLG.c(483): warning:  #177-D: variable "hItem" was declared but never referenced
        WM_HWIN  hItem,hWin = pMsg->hWin;
FramewinDLG.c(596): warning:  #177-D: variable "hItem" was declared but never referenced
        WM_HWIN  hItem,hWin = pMsg->hWin;
FramewinDLG.c(651): warning:  #177-D: variable "hItem" was declared but never referenced
        WM_HWIN  hItem,hWin = pMsg->hWin;
FramewinDLG.c(708): warning:  #177-D: variable "hItem" was declared but never referenced
        WM_HWIN hItem,hWin = pMsg->hWin;
FramewinDLG.c(778): warning:  #940-D: missing return statement at end of non-void function "CreateFramewin"
  }
FramewinDLG.c: 7 warnings, 0 errors
linking...
Program Size: Code=121604 RO-data=86708 RW-data=2188 ZI-data=41092  
FromELF: creating hex file...
"..\OBJ\MALLOC.axf" - 0 Error(s), 7 Warning(s).

<h2>Collection of Component include folders:</h2>
  E:\GitHub\wireless-human-computer-interaction-system\Client\USER\RTE
  E:\Keil_v5\ARM\PACK\Keil\STM32F1xx_DFP\1.0.5\Device\Include

<h2>Collection of Component Files used:</h2>
</pre>
</body>
</html>
