<html>
<body>
<pre>
<h1>µVision Build Log</h1>
<h2>Tool Versions:</h2>
IDE-Version: ¦ÌVision V5.14.0.0
Copyright (C) 2015 ARM Ltd and ARM Germany GmbH. All rights reserved.
License Information: BB Jbc, BB, LIC=NQQQD-89H8W-HL2CL-0ZWXI-5WIZ0-8J2NM
 
Tool Versions:
Toolchain:       MDK-ARM Standard  Version: 5.15.0
Toolchain Path:  E:\Keil_v5\ARM\ARMCC\Bin
C Compiler:      Armcc.exe V5.05 update 1 (build 106)
Assembler:       Armasm.exe V5.05 update 1 (build 106)
Linker/Locator:  ArmLink.exe V5.05 update 1 (build 106)
Library Manager: ArmAr.exe V5.05 update 1 (build 106)
Hex Converter:   FromElf.exe V5.05 update 1 (build 106)
CPU DLL:         SARMCM3.DLL V5.15.0
Dialog DLL:      DCM.DLL V1.13.2.0
Target DLL:      Segger\JL2CM3.dll V2.99.15.0
Dialog DLL:      TCM.DLL V1.14.5.0
 
<h2>Project:</h2>
E:\GitHub\wireless-human-computer-interaction-system\Client\USER\Template.uvprojx
Project File Date:  03/28/2018

<h2>Output:</h2>
Build target 'Target 1'
compiling FramewinDLG.c...
FramewinDLG.c(119): warning:  #940-D: missing return statement at end of non-void function "Get_widget_value"
  }
FramewinDLG.c(134): warning:  #177-D: variable "i" was declared but never referenced
        unsigned i;
FramewinDLG.c(245): warning:  #177-D: variable "u" was declared but never referenced
    User_data u;
FramewinDLG.c(34): warning:  #177-D: variable "_PaintCount2" was declared but never referenced
  static int     _PaintCount2;
FramewinDLG.c(36): warning:  #177-D: variable "_aColors" was declared but never referenced
  static GUI_COLOR _aColors[]={
FramewinDLG.c: 5 warnings, 0 errors
linking...
Program Size: Code=116372 RO-data=87472 RW-data=1488 ZI-data=46832  
FromELF: creating hex file...
"..\OBJ\MALLOC.axf" - 0 Error(s), 5 Warning(s).

<h2>Collection of Component include folders:</h2>
  E:\GitHub\wireless-human-computer-interaction-system\Client\USER\RTE
  E:\Keil_v5\ARM\PACK\Keil\STM32F1xx_DFP\2.1.0

<h2>Collection of Component Files used:</h2>
</pre>
</body>
</html>
